// Vitest Snapshot v1, https://vitest.dev/guide/snapshot.html

exports[`CurrencyRates > should render table with currency rates 1`] = `
<div>
  <div
    class="MuiPaper-root MuiPaper-elevation MuiPaper-rounded MuiPaper-elevation2 MuiTableContainer-root css-gi02lk-MuiPaper-root-MuiTableContainer-root"
    style="--Paper-shadow: 0px 3px 1px -2px rgba(0,0,0,0.2),0px 2px 2px 0px rgba(0,0,0,0.14),0px 1px 5px 0px rgba(0,0,0,0.12);"
  >
    <table
      class="MuiTable-root css-1xwxv7r-MuiTable-root"
    >
      <thead
        class="MuiTableHead-root css-1a7iywq-MuiTableHead-root"
      >
        <tr
          class="MuiTableRow-root MuiTableRow-head css-1xtozoh-MuiTableRow-root"
        >
          <th
            class="MuiTableCell-root MuiTableCell-head MuiTableCell-alignCenter MuiTableCell-sizeMedium css-13or4q3-MuiTableCell-root"
            scope="col"
          >
            <span
              class="MuiButtonBase-root MuiTableSortLabel-root Mui-active MuiTableSortLabel-directionAsc css-bmupl-MuiButtonBase-root-MuiTableSortLabel-root"
              role="button"
              tabindex="0"
            >
              <h6
                class="MuiTypography-root MuiTypography-subtitle2 css-1exmr16-MuiTypography-root"
              >
                Currency
              </h6>
              <svg
                aria-hidden="true"
                class="MuiSvgIcon-root MuiSvgIcon-fontSizeMedium MuiTableSortLabel-icon MuiTableSortLabel-iconDirectionAsc css-7ojauk-MuiSvgIcon-root-MuiTableSortLabel-icon"
                data-testid="ArrowDownwardIcon"
                focusable="false"
                viewBox="0 0 24 24"
              >
                <path
                  d="M20 12l-1.41-1.41L13 16.17V4h-2v12.17l-5.58-5.59L4 12l8 8 8-8z"
                />
              </svg>
            </span>
          </th>
          <th
            class="MuiTableCell-root MuiTableCell-head MuiTableCell-alignCenter MuiTableCell-sizeMedium css-yn3fku-MuiTableCell-root"
            scope="col"
          >
            <span
              class="MuiButtonBase-root MuiTableSortLabel-root MuiTableSortLabel-directionAsc css-bmupl-MuiButtonBase-root-MuiTableSortLabel-root"
              role="button"
              tabindex="0"
            >
              <h6
                class="MuiTypography-root MuiTypography-subtitle2 css-1exmr16-MuiTypography-root"
              >
                20/11/2024
              </h6>
              <svg
                aria-hidden="true"
                class="MuiSvgIcon-root MuiSvgIcon-fontSizeMedium MuiTableSortLabel-icon MuiTableSortLabel-iconDirectionAsc css-7ojauk-MuiSvgIcon-root-MuiTableSortLabel-icon"
                data-testid="ArrowDownwardIcon"
                focusable="false"
                viewBox="0 0 24 24"
              >
                <path
                  d="M20 12l-1.41-1.41L13 16.17V4h-2v12.17l-5.58-5.59L4 12l8 8 8-8z"
                />
              </svg>
            </span>
          </th>
          <th
            class="MuiTableCell-root MuiTableCell-head MuiTableCell-alignCenter MuiTableCell-sizeMedium css-yn3fku-MuiTableCell-root"
            scope="col"
          >
            <span
              class="MuiButtonBase-root MuiTableSortLabel-root MuiTableSortLabel-directionAsc css-bmupl-MuiButtonBase-root-MuiTableSortLabel-root"
              role="button"
              tabindex="0"
            >
              <h6
                class="MuiTypography-root MuiTypography-subtitle2 css-1exmr16-MuiTypography-root"
              >
                21/11/2024
              </h6>
              <svg
                aria-hidden="true"
                class="MuiSvgIcon-root MuiSvgIcon-fontSizeMedium MuiTableSortLabel-icon MuiTableSortLabel-iconDirectionAsc css-7ojauk-MuiSvgIcon-root-MuiTableSortLabel-icon"
                data-testid="ArrowDownwardIcon"
                focusable="false"
                viewBox="0 0 24 24"
              >
                <path
                  d="M20 12l-1.41-1.41L13 16.17V4h-2v12.17l-5.58-5.59L4 12l8 8 8-8z"
                />
              </svg>
            </span>
          </th>
          <th
            class="MuiTableCell-root MuiTableCell-head MuiTableCell-alignCenter MuiTableCell-sizeMedium css-yn3fku-MuiTableCell-root"
            scope="col"
          >
            <span
              class="MuiButtonBase-root MuiTableSortLabel-root MuiTableSortLabel-directionAsc css-bmupl-MuiButtonBase-root-MuiTableSortLabel-root"
              role="button"
              tabindex="0"
            >
              <h6
                class="MuiTypography-root MuiTypography-subtitle2 css-1exmr16-MuiTypography-root"
              >
                22/11/2024
              </h6>
              <svg
                aria-hidden="true"
                class="MuiSvgIcon-root MuiSvgIcon-fontSizeMedium MuiTableSortLabel-icon MuiTableSortLabel-iconDirectionAsc css-7ojauk-MuiSvgIcon-root-MuiTableSortLabel-icon"
                data-testid="ArrowDownwardIcon"
                focusable="false"
                viewBox="0 0 24 24"
              >
                <path
                  d="M20 12l-1.41-1.41L13 16.17V4h-2v12.17l-5.58-5.59L4 12l8 8 8-8z"
                />
              </svg>
            </span>
          </th>
          <th
            class="MuiTableCell-root MuiTableCell-head MuiTableCell-alignCenter MuiTableCell-sizeMedium css-yn3fku-MuiTableCell-root"
            scope="col"
          >
            <span
              class="MuiButtonBase-root MuiTableSortLabel-root MuiTableSortLabel-directionAsc css-bmupl-MuiButtonBase-root-MuiTableSortLabel-root"
              role="button"
              tabindex="0"
            >
              <h6
                class="MuiTypography-root MuiTypography-subtitle2 css-1exmr16-MuiTypography-root"
              >
                23/11/2024
              </h6>
              <svg
                aria-hidden="true"
                class="MuiSvgIcon-root MuiSvgIcon-fontSizeMedium MuiTableSortLabel-icon MuiTableSortLabel-iconDirectionAsc css-7ojauk-MuiSvgIcon-root-MuiTableSortLabel-icon"
                data-testid="ArrowDownwardIcon"
                focusable="false"
                viewBox="0 0 24 24"
              >
                <path
                  d="M20 12l-1.41-1.41L13 16.17V4h-2v12.17l-5.58-5.59L4 12l8 8 8-8z"
                />
              </svg>
            </span>
          </th>
          <th
            class="MuiTableCell-root MuiTableCell-head MuiTableCell-alignCenter MuiTableCell-sizeMedium css-yn3fku-MuiTableCell-root"
            scope="col"
          >
            <span
              class="MuiButtonBase-root MuiTableSortLabel-root MuiTableSortLabel-directionAsc css-bmupl-MuiButtonBase-root-MuiTableSortLabel-root"
              role="button"
              tabindex="0"
            >
              <h6
                class="MuiTypography-root MuiTypography-subtitle2 css-1exmr16-MuiTypography-root"
              >
                24/11/2024
              </h6>
              <svg
                aria-hidden="true"
                class="MuiSvgIcon-root MuiSvgIcon-fontSizeMedium MuiTableSortLabel-icon MuiTableSortLabel-iconDirectionAsc css-7ojauk-MuiSvgIcon-root-MuiTableSortLabel-icon"
                data-testid="ArrowDownwardIcon"
                focusable="false"
                viewBox="0 0 24 24"
              >
                <path
                  d="M20 12l-1.41-1.41L13 16.17V4h-2v12.17l-5.58-5.59L4 12l8 8 8-8z"
                />
              </svg>
            </span>
          </th>
          <th
            class="MuiTableCell-root MuiTableCell-head MuiTableCell-alignCenter MuiTableCell-sizeMedium css-yn3fku-MuiTableCell-root"
            scope="col"
          >
            <span
              class="MuiButtonBase-root MuiTableSortLabel-root MuiTableSortLabel-directionAsc css-bmupl-MuiButtonBase-root-MuiTableSortLabel-root"
              role="button"
              tabindex="0"
            >
              <h6
                class="MuiTypography-root MuiTypography-subtitle2 css-1exmr16-MuiTypography-root"
              >
                25/11/2024
              </h6>
              <svg
                aria-hidden="true"
                class="MuiSvgIcon-root MuiSvgIcon-fontSizeMedium MuiTableSortLabel-icon MuiTableSortLabel-iconDirectionAsc css-7ojauk-MuiSvgIcon-root-MuiTableSortLabel-icon"
                data-testid="ArrowDownwardIcon"
                focusable="false"
                viewBox="0 0 24 24"
              >
                <path
                  d="M20 12l-1.41-1.41L13 16.17V4h-2v12.17l-5.58-5.59L4 12l8 8 8-8z"
                />
              </svg>
            </span>
          </th>
          <th
            class="MuiTableCell-root MuiTableCell-head MuiTableCell-alignCenter MuiTableCell-sizeMedium css-yn3fku-MuiTableCell-root"
            scope="col"
          >
            <span
              class="MuiButtonBase-root MuiTableSortLabel-root MuiTableSortLabel-directionAsc css-bmupl-MuiButtonBase-root-MuiTableSortLabel-root"
              role="button"
              tabindex="0"
            >
              <h6
                class="MuiTypography-root MuiTypography-subtitle2 css-1exmr16-MuiTypography-root"
              >
                26/11/2024
              </h6>
              <svg
                aria-hidden="true"
                class="MuiSvgIcon-root MuiSvgIcon-fontSizeMedium MuiTableSortLabel-icon MuiTableSortLabel-iconDirectionAsc css-7ojauk-MuiSvgIcon-root-MuiTableSortLabel-icon"
                data-testid="ArrowDownwardIcon"
                focusable="false"
                viewBox="0 0 24 24"
              >
                <path
                  d="M20 12l-1.41-1.41L13 16.17V4h-2v12.17l-5.58-5.59L4 12l8 8 8-8z"
                />
              </svg>
            </span>
          </th>
        </tr>
      </thead>
      <tbody
        class="MuiTableBody-root css-gmh7jj-MuiTableBody-root"
      >
        <tr
          class="MuiTableRow-root MuiTableRow-hover css-1xtozoh-MuiTableRow-root"
        >
          <th
            class="MuiTableCell-root MuiTableCell-body MuiTableCell-alignCenter MuiTableCell-sizeMedium css-6lt5y7-MuiTableCell-root"
            scope="row"
          >
            <p
              class="MuiTypography-root MuiTypography-body1 css-uoy0iz-MuiTypography-root"
            >
              EUR
            </p>
          </th>
          <td
            class="MuiTableCell-root MuiTableCell-body MuiTableCell-alignCenter MuiTableCell-sizeMedium css-8sqbph-MuiTableCell-root"
          >
            <p
              class="MuiTypography-root MuiTypography-body1 css-kua921-MuiTypography-root"
            >
              1.1400
            </p>
          </td>
          <td
            class="MuiTableCell-root MuiTableCell-body MuiTableCell-alignCenter MuiTableCell-sizeMedium css-8sqbph-MuiTableCell-root"
          >
            <p
              class="MuiTypography-root MuiTypography-body1 css-kua921-MuiTypography-root"
            >
              1.1500
            </p>
          </td>
          <td
            class="MuiTableCell-root MuiTableCell-body MuiTableCell-alignCenter MuiTableCell-sizeMedium css-8sqbph-MuiTableCell-root"
          >
            <p
              class="MuiTypography-root MuiTypography-body1 css-kua921-MuiTypography-root"
            >
              1.1600
            </p>
          </td>
          <td
            class="MuiTableCell-root MuiTableCell-body MuiTableCell-alignCenter MuiTableCell-sizeMedium css-8sqbph-MuiTableCell-root"
          >
            <p
              class="MuiTypography-root MuiTypography-body1 css-kua921-MuiTypography-root"
            >
              1.1700
            </p>
          </td>
          <td
            class="MuiTableCell-root MuiTableCell-body MuiTableCell-alignCenter MuiTableCell-sizeMedium css-8sqbph-MuiTableCell-root"
          >
            <p
              class="MuiTypography-root MuiTypography-body1 css-kua921-MuiTypography-root"
            >
              1.1800
            </p>
          </td>
          <td
            class="MuiTableCell-root MuiTableCell-body MuiTableCell-alignCenter MuiTableCell-sizeMedium css-8sqbph-MuiTableCell-root"
          >
            <p
              class="MuiTypography-root MuiTypography-body1 css-kua921-MuiTypography-root"
            >
              1.1900
            </p>
          </td>
          <td
            class="MuiTableCell-root MuiTableCell-body MuiTableCell-alignCenter MuiTableCell-sizeMedium css-8sqbph-MuiTableCell-root"
          >
            <p
              class="MuiTypography-root MuiTypography-body1 css-kua921-MuiTypography-root"
            >
              1.2000
            </p>
          </td>
        </tr>
        <tr
          class="MuiTableRow-root MuiTableRow-hover css-1xtozoh-MuiTableRow-root"
        >
          <th
            class="MuiTableCell-root MuiTableCell-body MuiTableCell-alignCenter MuiTableCell-sizeMedium css-6lt5y7-MuiTableCell-root"
            scope="row"
          >
            <p
              class="MuiTypography-root MuiTypography-body1 css-uoy0iz-MuiTypography-root"
            >
              JPY
            </p>
          </th>
          <td
            class="MuiTableCell-root MuiTableCell-body MuiTableCell-alignCenter MuiTableCell-sizeMedium css-8sqbph-MuiTableCell-root"
          >
            <p
              class="MuiTypography-root MuiTypography-body1 css-kua921-MuiTypography-root"
            >
              205.5000
            </p>
          </td>
          <td
            class="MuiTableCell-root MuiTableCell-body MuiTableCell-alignCenter MuiTableCell-sizeMedium css-8sqbph-MuiTableCell-root"
          >
            <p
              class="MuiTypography-root MuiTypography-body1 css-kua921-MuiTypography-root"
            >
              206.5000
            </p>
          </td>
          <td
            class="MuiTableCell-root MuiTableCell-body MuiTableCell-alignCenter MuiTableCell-sizeMedium css-8sqbph-MuiTableCell-root"
          >
            <p
              class="MuiTypography-root MuiTypography-body1 css-kua921-MuiTypography-root"
            >
              207.5000
            </p>
          </td>
          <td
            class="MuiTableCell-root MuiTableCell-body MuiTableCell-alignCenter MuiTableCell-sizeMedium css-8sqbph-MuiTableCell-root"
          >
            <p
              class="MuiTypography-root MuiTypography-body1 css-kua921-MuiTypography-root"
            >
              208.5000
            </p>
          </td>
          <td
            class="MuiTableCell-root MuiTableCell-body MuiTableCell-alignCenter MuiTableCell-sizeMedium css-8sqbph-MuiTableCell-root"
          >
            <p
              class="MuiTypography-root MuiTypography-body1 css-kua921-MuiTypography-root"
            >
              209.5000
            </p>
          </td>
          <td
            class="MuiTableCell-root MuiTableCell-body MuiTableCell-alignCenter MuiTableCell-sizeMedium css-8sqbph-MuiTableCell-root"
          >
            <p
              class="MuiTypography-root MuiTypography-body1 css-kua921-MuiTypography-root"
            >
              210.5000
            </p>
          </td>
          <td
            class="MuiTableCell-root MuiTableCell-body MuiTableCell-alignCenter MuiTableCell-sizeMedium css-8sqbph-MuiTableCell-root"
          >
            <p
              class="MuiTypography-root MuiTypography-body1 css-kua921-MuiTypography-root"
            >
              211.5000
            </p>
          </td>
        </tr>
        <tr
          class="MuiTableRow-root MuiTableRow-hover css-1xtozoh-MuiTableRow-root"
        >
          <th
            class="MuiTableCell-root MuiTableCell-body MuiTableCell-alignCenter MuiTableCell-sizeMedium css-6lt5y7-MuiTableCell-root"
            scope="row"
          >
            <p
              class="MuiTypography-root MuiTypography-body1 css-uoy0iz-MuiTypography-root"
            >
              USD
            </p>
          </th>
          <td
            class="MuiTableCell-root MuiTableCell-body MuiTableCell-alignCenter MuiTableCell-sizeMedium css-8sqbph-MuiTableCell-root"
          >
            <p
              class="MuiTypography-root MuiTypography-body1 css-kua921-MuiTypography-root"
            >
              1.3100
            </p>
          </td>
          <td
            class="MuiTableCell-root MuiTableCell-body MuiTableCell-alignCenter MuiTableCell-sizeMedium css-8sqbph-MuiTableCell-root"
          >
            <p
              class="MuiTypography-root MuiTypography-body1 css-kua921-MuiTypography-root"
            >
              1.3200
            </p>
          </td>
          <td
            class="MuiTableCell-root MuiTableCell-body MuiTableCell-alignCenter MuiTableCell-sizeMedium css-8sqbph-MuiTableCell-root"
          >
            <p
              class="MuiTypography-root MuiTypography-body1 css-kua921-MuiTypography-root"
            >
              1.3300
            </p>
          </td>
          <td
            class="MuiTableCell-root MuiTableCell-body MuiTableCell-alignCenter MuiTableCell-sizeMedium css-8sqbph-MuiTableCell-root"
          >
            <p
              class="MuiTypography-root MuiTypography-body1 css-kua921-MuiTypography-root"
            >
              1.3400
            </p>
          </td>
          <td
            class="MuiTableCell-root MuiTableCell-body MuiTableCell-alignCenter MuiTableCell-sizeMedium css-8sqbph-MuiTableCell-root"
          >
            <p
              class="MuiTypography-root MuiTypography-body1 css-kua921-MuiTypography-root"
            >
              1.3500
            </p>
          </td>
          <td
            class="MuiTableCell-root MuiTableCell-body MuiTableCell-alignCenter MuiTableCell-sizeMedium css-8sqbph-MuiTableCell-root"
          >
            <p
              class="MuiTypography-root MuiTypography-body1 css-kua921-MuiTypography-root"
            >
              1.3600
            </p>
          </td>
          <td
            class="MuiTableCell-root MuiTableCell-body MuiTableCell-alignCenter MuiTableCell-sizeMedium css-8sqbph-MuiTableCell-root"
          >
            <p
              class="MuiTypography-root MuiTypography-body1 css-kua921-MuiTypography-root"
            >
              1.3700
            </p>
          </td>
        </tr>
      </tbody>
    </table>
  </div>
</div>
`;
